[
    married_to(A, B) => spouse(A, B);
    married_to(A, B) => spouse(B, A);

    name(A, F, first_name) name(A, L, last_name) join(N, ' ', F, L) => birth_name(A, N);
    name(A, F, first_name) name(A, S, second_name) name(A, L, last_name) join(N, ' ', F, S, L) => birth_name(A, N);
    name(A, N, full_name) => birth_name(A, N);

    name(A, F, first_name) name(A, L, last_name) join(N, ' ', F, L) => foaf_name(A, N);
    name(A, F, first_name) name(A, S, second_name) name(A, L, last_name) join(N, ' ', F, S, L) => foaf_name(A, N);
    name(A, N, full_name) => foaf_name(A, N);

    name(A, N, canonical_name) => foaf_name(A, N) first(N);

    description(A, D) => description(A, D);
    long_description(A, D) => abstract(A, D);
    label(A, D) => label(A, D);

    gender(A, male) => gender(A, 'male');
    gender(A, female) => gender(A, 'female');

    have_child(A, B) => child(A, B);
    have_n_children(A, N) => children(A, N);

    has_father(A, B) => parent(A, B) gender(B, 'male');
    has_mother(A, B) => parent(A, B) gender(B, 'female');
    has_daughter(A, B) => parent(B, A) gender(B, 'female');
    has_son(A, B) => parent(B, A) gender(B, 'male');

    founding_date(E, D) => founding_date(E, D);
    has_capital(A, B) => has_capital(A, B);

    birth_date(E, D) => birth_date(E, D);
    death_date(E, D) => death_date(E, D);
    birth_place(E, P) => birth_place(E, Id) foaf_name(Id, P);

    person(E) => type(E, `http://dbpedia.org/ontology/Person`);
    country(E) => type(E, `http://dbpedia.org/ontology/Country`);
]