dom:block(E) :- is(E, block);
dom:pyramid(E) :- is(E, pyramid);
dom:table(E) :- is(E, table);
dom:box(E) :- is(E, box);
dom:type(E, T) :- is(E, T);
dom:named(E, Name) :- call(E, Name);
dom:red(E) :- color(E, red);
dom:blue(E) :- color(E, blue);
dom:green(E) :- color(E, green);
dom:color(E, C) :- color(E, C);

dom:at(E, X, Y, Z) :- at(E, X, Y, Z);
dom:support(A, B) :- support(A, B);
dom:contain(P, A, B) :- contain(A, B);
dom:grasping(P1, E1) :- grasping(P1, E1);
dom:size(E, Width, Length, Height) :- size(E, Width, Length, Height);
dom:name(A, N) :- name(A, N);
dom:pick_up(P1, E1, E2) :- pick_up(P1, E1, E2);
dom:cleartop(E1) :- cleartop(E1);

dom:grid(Grid, X, Y, Value) :- dom:grid(Grid, X, Y, Value);

dom:time(T) :- time(T);
dom:start_time(Id, Start) :- start_time(Id, Start);
dom:end_time(Id, End) :- end_time(Id, End);
dom:parent_event(EventId, ParentEventId) :- parent_event(EventId, ParentEventId);

dom:touch(EventId, S, A) :- touch(EventId, S, A);
dom:pick_up(EventId, S, A) :- pick_up(EventId, S, A);
dom:put_on(EventId, S, A, B) :- put_on(EventId, S, A, B);
dom:put_in(EventId, S, A, B) :- put_in(EventId, S, A, B);
dom:clear_off(EventId, S, A) :- clear_off(EventId, S, A);
dom:pick_up(EventId, S, A) :- pick_up(EventId, S, A);
dom:put_down(EventId, S, A) :- put_down(EventId, S, A);
dom:get_rid_of(EventId, S, A) :- get_rid_of(EventId, S, A);
dom:let_go(EventId, S) :- let_go(EventId, S);
dom:stack_up(EventId, S, List) :- stack_up(EventId, S, List);
