dom:at(E, X, Y, Z) :- at(E, X, Y, Z);
dom:grasping(P1, E1) :- grasping(P1, E1);
dom:contain(P, A, B) :- contain(A, B);
dom:pick_up(P1, E1, E2) :- pick_up(P1, E1, E2);
dom:cleartop(E1) :- cleartop(E1);
dom:support(now, E1, E2) :- support(E1, E2);

dom:time(T) :- time(T);
dom:start_time(Id, Start) :- start_time(Id, Start);
dom:end_time(Id, End) :- end_time(Id, End);
dom:parent_event(EventId, ParentEventId) :- parent_event(EventId, ParentEventId);

dom:location(EventId, E1, X, Y, Z) :- location(EventId, E1, X, Y, Z);

dom:touch(EventId, S, A) :- touch(EventId, S, A);
dom:pick_up(EventId, S, A) :- pick_up(EventId, S, A);
dom:put_on_smart(EventId, S, A, B) :- put_on_smart(EventId, S, A, B);
dom:put_on(EventId, S, A, B) :- put_on(EventId, S, A, B);
dom:put_in(EventId, S, A, B) :- put_in(EventId, S, A, B);
dom:clear_off(EventId, S, A) :- clear_off(EventId, S, A);
dom:pick_up(EventId, S, A) :- pick_up(EventId, S, A);
dom:put_down(EventId, S, A) :- put_down(EventId, S, A);
dom:get_rid_of(EventId, S, A) :- get_rid_of(EventId, S, A);
dom:let_go(EventId, S) :- let_go(EventId, S);
dom:stack_up(EventId, S, List) :- stack_up(EventId, S, List);
dom:tell(P1, S1, S2, P2) :- tell(P1, S1, S2, P2);

dom:name(E, Name) :- call(E, Name);
